<!doctype html>
<html lang="en">
<head>
	<meta charset="UTF-8">
	<title>Document</title>
</head>
<body>
	
	
	<!-- inject type:"js" files:"[scripts/vendor/*.js]" order:"[modernizr.js, jQuery.js]"-->
	
	<!-- inject type:"js" files:"[scripts/**/*.js, !scripts/exclude.js]" -->

</body>
</html>